19:11:10.084 [ INFO] maestro.cli.runner.MaestroCommandRunner.runCommands$lambda$0: Define variables RUNNING
19:11:10.089 [ INFO] maestro.cli.runner.MaestroCommandRunner.runCommands$lambda$11: Define variables metadata CommandMetadata(numberOfRuns=null, evaluatedCommand=MaestroCommand(defineVariablesCommand=DefineVariablesCommand(env={MAESTRO_FILENAME=open-and-reopen, MAESTRO_DEVICE_UDID=emulator-5554, MAESTRO_SHARD_ID=1, MAESTRO_SHARD_INDEX=0}, label=null, optional=false)), logMessages=[], insight=Insight(message=, level=NONE), aiReasoning=null, labeledCommand=null)
19:11:10.090 [ INFO] maestro.cli.runner.MaestroCommandRunner.runCommands$lambda$2: Define variables COMPLETED
19:11:10.090 [ INFO] maestro.cli.runner.MaestroCommandRunner.runCommands$lambda$0: Apply configuration RUNNING
19:11:10.091 [ INFO] maestro.cli.runner.MaestroCommandRunner.runCommands$lambda$11: Apply configuration metadata CommandMetadata(numberOfRuns=null, evaluatedCommand=MaestroCommand(applyConfigurationCommand=ApplyConfigurationCommand(config=MaestroConfig(appId=app.cablegram.signatureqa, name=null, tags=[], ext={}, onFlowStart=null, onFlowComplete=null, properties={}), label=null, optional=false)), logMessages=[], insight=Insight(message=, level=NONE), aiReasoning=null, labeledCommand=null)
19:11:10.091 [ INFO] maestro.cli.runner.MaestroCommandRunner.runCommands$lambda$2: Apply configuration COMPLETED
19:11:10.091 [ INFO] maestro.cli.runner.MaestroCommandRunner.runCommands$lambda$0: Launch app "app.cablegram.signatureqa" RUNNING
19:11:10.094 [ INFO] maestro.cli.runner.MaestroCommandRunner.runCommands$lambda$11: Launch app "app.cablegram.signatureqa" metadata CommandMetadata(numberOfRuns=null, evaluatedCommand=MaestroCommand(launchAppCommand=LaunchAppCommand(appId=app.cablegram.signatureqa, clearState=null, clearKeychain=null, stopApp=null, permissions=null, launchArguments=null, label=null, optional=false)), logMessages=[], insight=Insight(message=, level=NONE), aiReasoning=null, labeledCommand=null)
19:11:10.156 [ INFO] maestro.Maestro.launchApp$lambda$5: Launching app app.cablegram.signatureqa
19:11:10.156 [ INFO] maestro.Maestro.launchApp$lambda$5: Stopping app.cablegram.signatureqa app during launch
19:11:10.193 [ INFO] maestro.cli.runner.MaestroCommandRunner.runCommands$lambda$2: Launch app "app.cablegram.signatureqa" COMPLETED
19:11:10.193 [ INFO] maestro.cli.runner.MaestroCommandRunner.runCommands$lambda$0: Assert that "Skip" is visible RUNNING
19:11:10.196 [ INFO] maestro.cli.runner.MaestroCommandRunner.runCommands$lambda$11: Assert that "Skip" is visible metadata CommandMetadata(numberOfRuns=null, evaluatedCommand=MaestroCommand(assertConditionCommand=AssertConditionCommand(condition=Condition(platform=null, visible=ElementSelector(textRegex=Skip, idRegex=null, size=null, below=null, above=null, leftOf=null, rightOf=null, containsChild=null, containsDescendants=null, traits=null, index=null, enabled=null, optional=false, selected=null, checked=null, focused=null, childOf=null, css=null), notVisible=null, scriptCondition=null, label=null), timeout=null, label=null, optional=false)), logMessages=[], insight=Insight(message=, level=NONE), aiReasoning=null, labeledCommand=null)
19:11:11.108 [ INFO] maestro.cli.runner.MaestroCommandRunner.runCommands$lambda$2: Assert that "Skip" is visible COMPLETED
19:11:11.108 [ INFO] maestro.cli.runner.MaestroCommandRunner.runCommands$lambda$0: Take screenshot opening-signature RUNNING
19:11:11.109 [ INFO] maestro.cli.runner.MaestroCommandRunner.runCommands$lambda$11: Take screenshot opening-signature metadata CommandMetadata(numberOfRuns=null, evaluatedCommand=MaestroCommand(takeScreenshotCommand=TakeScreenshotCommand(path=opening-signature, cropOn=null, label=null, optional=false)), logMessages=[], insight=Insight(message=, level=NONE), aiReasoning=null, labeledCommand=null)
19:11:11.115 [ INFO] maestro.Maestro.takeScreenshot: Taking screenshot
19:11:11.116 [TRACE] maestro.utils.ScreenshotUtils.takeScreenshot: Taking screenshot to output sink
19:11:11.361 [ INFO] maestro.cli.runner.MaestroCommandRunner.runCommands$lambda$2: Take screenshot opening-signature COMPLETED
19:11:11.362 [ INFO] maestro.cli.runner.MaestroCommandRunner.runCommands$lambda$0: Tap on "Skip" RUNNING
19:11:11.365 [ INFO] maestro.cli.runner.MaestroCommandRunner.runCommands$lambda$11: Tap on "Skip" metadata CommandMetadata(numberOfRuns=null, evaluatedCommand=MaestroCommand(tapOnElementCommand=TapOnElementCommand(selector=ElementSelector(textRegex=Skip, idRegex=null, size=null, below=null, above=null, leftOf=null, rightOf=null, containsChild=null, containsDescendants=null, traits=null, index=null, enabled=null, optional=false, selected=null, checked=null, focused=null, childOf=null, css=null), retryIfNoChange=false, waitUntilVisible=false, longPress=false, repeat=null, waitToSettleTimeoutMs=null, relativePoint=null, label=null, optional=false)), logMessages=[], insight=Insight(message=, level=NONE), aiReasoning=null, labeledCommand=null)
19:11:11.515 [ INFO] maestro.Maestro.tap-HgV9Ck0: Tapping on element:  UiElement(treeNode=TreeNode(attributes={text=Skip, accessibilityText=, hintText=, ignoreBoundsFiltering=false, resource-id=, clickable=false, bounds=[1772,966][1835,1003], enabled=true, focused=false, checked=false, scrollable=false, selected=false, class=android.widget.TextView, important-for-accessibility=true, error=}, children=[], clickable=false, enabled=true, focused=false, checked=false, selected=false), bounds=Bounds(x=1772, y=966, width=63, height=37))
19:11:12.762 [ INFO] maestro.Maestro.tap-HgV9Ck0: Tap aimed via settled hierarchy
19:11:12.769 [ INFO] maestro.Maestro.hierarchyBasedTap-ogj28Uc: Tapping at (1803, 984) using hierarchy based logic for wait
19:11:13.068 [ INFO] maestro.cli.runner.MaestroCommandRunner.runCommands$lambda$2: Tap on "Skip" COMPLETED
19:11:13.069 [ INFO] maestro.cli.runner.MaestroCommandRunner.runCommands$lambda$0: Assert that "Skip" is not visible RUNNING
19:11:13.070 [ INFO] maestro.cli.runner.MaestroCommandRunner.runCommands$lambda$11: Assert that "Skip" is not visible metadata CommandMetadata(numberOfRuns=null, evaluatedCommand=MaestroCommand(assertConditionCommand=AssertConditionCommand(condition=Condition(platform=null, visible=null, notVisible=ElementSelector(textRegex=Skip, idRegex=null, size=null, below=null, above=null, leftOf=null, rightOf=null, containsChild=null, containsDescendants=null, traits=null, index=null, enabled=null, optional=false, selected=null, checked=null, focused=null, childOf=null, css=null), scriptCondition=null, label=null), timeout=null, label=null, optional=false)), logMessages=[], insight=Insight(message=, level=NONE), aiReasoning=null, labeledCommand=null)
19:11:22.592 [ INFO] maestro.cli.runner.MaestroCommandRunner.runCommands$lambda$2: Assert that "Skip" is not visible COMPLETED
19:11:22.600 [ INFO] maestro.cli.runner.MaestroCommandRunner.runCommands$lambda$0: Press Home key RUNNING
19:11:22.607 [ INFO] maestro.cli.runner.MaestroCommandRunner.runCommands$lambda$11: Press Home key metadata CommandMetadata(numberOfRuns=null, evaluatedCommand=MaestroCommand(pressKeyCommand=PressKeyCommand(code=HOME, label=null, optional=false)), logMessages=[], insight=Insight(message=, level=NONE), aiReasoning=null, labeledCommand=null)
19:11:22.610 [ INFO] maestro.Maestro.pressKey: Pressing key HOME
19:11:25.711 [ INFO] maestro.cli.runner.MaestroCommandRunner.runCommands$lambda$2: Press Home key COMPLETED
19:11:25.712 [ INFO] maestro.cli.runner.MaestroCommandRunner.runCommands$lambda$0: Launch app "app.cablegram.signatureqa" without stopping app RUNNING
19:11:25.712 [ INFO] maestro.cli.runner.MaestroCommandRunner.runCommands$lambda$11: Launch app "app.cablegram.signatureqa" without stopping app metadata CommandMetadata(numberOfRuns=null, evaluatedCommand=MaestroCommand(launchAppCommand=LaunchAppCommand(appId=app.cablegram.signatureqa, clearState=null, clearKeychain=null, stopApp=false, permissions=null, launchArguments=null, label=null, optional=false)), logMessages=[], insight=Insight(message=, level=NONE), aiReasoning=null, labeledCommand=null)
19:11:25.759 [ INFO] maestro.Maestro.launchApp$lambda$5: Launching app app.cablegram.signatureqa
19:11:25.786 [ INFO] maestro.cli.runner.MaestroCommandRunner.runCommands$lambda$2: Launch app "app.cablegram.signatureqa" without stopping app COMPLETED
19:11:25.786 [ INFO] maestro.cli.runner.MaestroCommandRunner.runCommands$lambda$0: Assert that "Skip" is visible RUNNING
19:11:25.787 [ INFO] maestro.cli.runner.MaestroCommandRunner.runCommands$lambda$11: Assert that "Skip" is visible metadata CommandMetadata(numberOfRuns=null, evaluatedCommand=MaestroCommand(assertConditionCommand=AssertConditionCommand(condition=Condition(platform=null, visible=ElementSelector(textRegex=Skip, idRegex=null, size=null, below=null, above=null, leftOf=null, rightOf=null, containsChild=null, containsDescendants=null, traits=null, index=null, enabled=null, optional=false, selected=null, checked=null, focused=null, childOf=null, css=null), notVisible=null, scriptCondition=null, label=null), timeout=null, label=null, optional=false)), logMessages=[], insight=Insight(message=, level=NONE), aiReasoning=null, labeledCommand=null)
19:11:26.496 [ INFO] maestro.cli.runner.MaestroCommandRunner.runCommands$lambda$2: Assert that "Skip" is visible COMPLETED
19:11:26.496 [ INFO] maestro.cli.runner.MaestroCommandRunner.runCommands$lambda$0: Press Back key RUNNING
19:11:26.497 [ INFO] maestro.cli.runner.MaestroCommandRunner.runCommands$lambda$11: Press Back key metadata CommandMetadata(numberOfRuns=null, evaluatedCommand=MaestroCommand(pressKeyCommand=PressKeyCommand(code=BACK, label=null, optional=false)), logMessages=[], insight=Insight(message=, level=NONE), aiReasoning=null, labeledCommand=null)
19:11:26.497 [ INFO] maestro.Maestro.pressKey: Pressing key BACK
19:11:27.267 [ INFO] maestro.cli.runner.MaestroCommandRunner.runCommands$lambda$2: Press Back key COMPLETED
19:11:27.267 [ INFO] maestro.cli.runner.MaestroCommandRunner.runCommands$lambda$0: Assert that "Skip" is not visible RUNNING
19:11:27.268 [ INFO] maestro.cli.runner.MaestroCommandRunner.runCommands$lambda$11: Assert that "Skip" is not visible metadata CommandMetadata(numberOfRuns=null, evaluatedCommand=MaestroCommand(assertConditionCommand=AssertConditionCommand(condition=Condition(platform=null, visible=null, notVisible=ElementSelector(textRegex=Skip, idRegex=null, size=null, below=null, above=null, leftOf=null, rightOf=null, containsChild=null, containsDescendants=null, traits=null, index=null, enabled=null, optional=false, selected=null, checked=null, focused=null, childOf=null, css=null), scriptCondition=null, label=null), timeout=null, label=null, optional=false)), logMessages=[], insight=Insight(message=, level=NONE), aiReasoning=null, labeledCommand=null)
19:11:28.385 [ INFO] maestro.cli.runner.MaestroCommandRunner.runCommands$lambda$2: Assert that "Skip" is not visible COMPLETED
